`

<!-- TOC -->

- [1. 内存查看命令](#1-内存查看命令)
- [2. 磁盘](#2-磁盘)
    - [2.1. 磁盘分区、挂载](#21-磁盘分区挂载)
        - [2.1.1. 命令和配置文件](#211-命令和配置文件)
        - [2.1.2. 案例实操](#212-案例实操)
        - [2.1.3. 磁盘配额（<u>待补充</u>）](#213-磁盘配额u待补充u)
    - [2.2. swap 的查看和创建（<u>待补充</u>）](#22-swap-的查看和创建u待补充u)
    - [2.3. RAID（<u>待补充</u>）](#23-raidu待补充u)
    - [2.4. LVM 的用途和创建（<u>待补充</u>）](#24-lvm-的用途和创建u待补充u)
    - [2.5. 磁盘命令（<u>待补充</u>）](#25-磁盘命令u待补充u)
    - [2.6. 空洞文件](#26-空洞文件)
- [3. 文件系统（<u>待补充</u>）](#3-文件系统u待补充u)
    - [3.1. ext4](#31-ext4)
        - [3.1.1. inode 和 datablock 操作（<u>待补充</u>）](#311-inode-和-datablock-操作u待补充u)
    - [3.2. facl（<u>待补充</u>）](#32-faclu待补充u)
- [4. 系统整体状态查看](#4-系统整体状态查看)

<!-- /TOC -->

## 1. 内存查看命令



- 命令
  - free
    - 选项，`-m` 以`mb`形式展示
  - top

- 看两个选项
  - mem
  - swap
- 关于 swap
  - swap 在磁盘上，当内存不够用的时候，就会使用 swap 的空间（速度慢）
  - swap 是可以配置大小的
  - 当程序使用 swap 的时候，表明，内存不够用了



```sh
[root@covey ~]# users
root
[root@covey ~]# free
              total        used        free      shared  buff/cache   available
Mem:        1882576      199296      881516         452      801764     1518000
Swap:             0           0           0
[root@covey ~]# free -m
              total        used        free      shared  buff/cache   available
Mem:           1838         196         859           0         782        1480
Swap:             0           0           0
[root@covey ~]# free -g
              total        used        free      shared  buff/cache   available
Mem:              1           0           0           0           0           1
Swap:             0           0           0
[root@covey ~]# 
```





## 2. 磁盘



- 命令示例
  - 查看有多少个磁盘。（磁盘在 /dev 下面，磁盘名字：sda, sdb, ...)
  - 查看磁盘的分区



```bash
[root@covey ~]# ls /dev/sd?
/dev/sda
[root@covey ~]# ls /dev/sd??
/dev/sda1  /dev/sda2
```

只有一个磁盘，`sda` 分成了两个区



### 2.1. 磁盘分区、挂载



- 磁盘分区
  - 就是将一整块磁盘，分成不同的逻辑部分，类似 windows 的 c, d, e 盘 
- 挂载
  - 用于硬件设备
  - 挂载：将硬件设备连接到 linux 根目录下的某一目录，访问此目录就等同于访问设备文件。
  - 挂载点：连接到的 linux 的某个目录称为挂载点
  - 参考：http://c.biancheng.net/view/2859.html



**查看挂载情况**

```bash
[root@covey ~]# df -h
文件系统                 容量  已用  可用 已用% 挂载点
/dev/mapper/centos-root   17G   16G  2.0G   89% /
devtmpfs                 894M     0  894M    0% /dev
tmpfs                    910M     0  910M    0% /dev/shm
tmpfs                    910M   11M  900M    2% /run
tmpfs                    910M     0  910M    0% /sys/fs/cgroup
/dev/sda1               1014M  179M  836M   18% /boot
tmpfs                    182M   12K  182M    1% /run/user/42
overlay                   17G   16G  2.0G   89% /var/lib/docker/overlay2/704a8fd81b8c94db7aad665ba83ad413d5d805dc45ffa6662dd6dc2cf5d44d10/merged
overlay                   17G   16G  2.0G   89% /var/lib/docker/overlay2/466b020c5bd4908714724d29f56520cec56cd5be37d2964cd97224f7edc4a2ea/merged
overlay                   17G   16G  2.0G   89% /var/lib/docker/overlay2/28d27c34ccf8ec7c0a675eb8d20aab9fd3cc786ac9e1fe04ebd1eebfd65463fb/merged
shm                       64M     0   64M    0% /var/lib/docker/containers/96f6f0fc1236a7e890cf2b9c2f0adcc2aa8d9835d72d2d81511954a0f617816e/mounts/shm
shm                       64M     0   64M    0% /var/lib/docker/containers/ae12a47bd7f9f9298864b63d40a4e0b480a377e281472163f9ac0700abac88d3/mounts/shm
shm                       64M     0   64M    0% /var/lib/docker/containers/3be07eafa0b2ab522ab838e5d77c2513fe4333543fbf8ac5844f2973780f67c2/mounts/shm

```





#### 2.1.1. 命令和配置文件



- 常用命令
  - fdisk
    - 分区工具
  - mkfs
    - 格式化工具（不同的文件系统）
  - parted
    - 磁盘超过 2T 时，使用这个工具分区
  - mount
    - 挂载（此配置，是临时的）
- 配置文件
  - /etc/fstab
    - 挂载配置（永久生效的）



#### 2.1.2. 案例实操



- 操作
  1. 使用虚拟机添加一块新的磁盘
  2. 对磁盘分区、挂载



**添加新的硬盘**

我使用的是 VMWare：虚拟机 -> 设置 -> 硬盘 -> 添加



**分区、挂载**

```bash
[root@covey ~]# # 查看磁盘
[root@covey ~]# ls /dev/sd?
/dev/sda  /dev/sdb
[root@covey ~]# 
[root@covey ~]# # 查看磁盘的分区情况
[root@covey ~]# fdisk -l

磁盘 /dev/sda：21.5 GB, 21474836480 字节，41943040 个扇区
Units = 扇区 of 1 * 512 = 512 bytes
扇区大小(逻辑/物理)：512 字节 / 512 字节
I/O 大小(最小/最佳)：512 字节 / 512 字节
磁盘标签类型：dos
磁盘标识符：0x000be508

   设备 Boot      Start         End      Blocks   Id  System
/dev/sda1   *        2048     2099199     1048576   83  Linux
/dev/sda2         2099200    41943039    19921920   8e  Linux LVM

磁盘 /dev/sdb：21.5 GB, 21474836480 字节，41943040 个扇区
Units = 扇区 of 1 * 512 = 512 bytes
扇区大小(逻辑/物理)：512 字节 / 512 字节
I/O 大小(最小/最佳)：512 字节 / 512 字节

[root@covey ~]# # 对 sdb 分区
[root@covey ~]# fdisk /dev/sdb
欢迎使用 fdisk (util-linux 2.23.2)。

更改将停留在内存中，直到您决定将更改写入磁盘。
使用写入命令前请三思。

Device does not contain a recognized partition table
使用磁盘标识符 0xc2706475 创建新的 DOS 磁盘标签。

命令(输入 m 获取帮助)：m
命令操作
   a   toggle a bootable flag
   b   edit bsd disklabel
   c   toggle the dos compatibility flag
   d   delete a partition
   g   create a new empty GPT partition table
   G   create an IRIX (SGI) partition table
   l   list known partition types
   m   print this menu
   n   add a new partition
   o   create a new empty DOS partition table
   p   print the partition table
   q   quit without saving changes
   s   create a new empty Sun disklabel
   t   change a partition's system id
   u   change display/entry units
   v   verify the partition table
   w   write table to disk and exit
   x   extra functionality (experts only)

命令(输入 m 获取帮助)：n
Partition type:
   p   primary (0 primary, 0 extended, 4 free)
   e   extended
Select (default p): p
分区号 (1-4，默认 1)：1
起始 扇区 (2048-41943039，默认为 2048)：
将使用默认值 2048
Last 扇区, +扇区 or +size{K,M,G} (2048-41943039，默认为 41943039)：
将使用默认值 41943039
分区 1 已设置为 Linux 类型，大小设为 20 GiB

命令(输入 m 获取帮助)：w  
The partition table has been altered!

Calling ioctl() to re-read partition table.
正在同步磁盘。
[root@covey ~]# 
[root@covey ~]# # 再次查看
[root@covey ~]# fdisk -l

磁盘 /dev/sda：21.5 GB, 21474836480 字节，41943040 个扇区
Units = 扇区 of 1 * 512 = 512 bytes
扇区大小(逻辑/物理)：512 字节 / 512 字节
I/O 大小(最小/最佳)：512 字节 / 512 字节
磁盘标签类型：dos
磁盘标识符：0x000be508

   设备 Boot      Start         End      Blocks   Id  System
/dev/sda1   *        2048     2099199     1048576   83  Linux
/dev/sda2         2099200    41943039    19921920   8e  Linux LVM

磁盘 /dev/sdb：21.5 GB, 21474836480 字节，41943040 个扇区
Units = 扇区 of 1 * 512 = 512 bytes
扇区大小(逻辑/物理)：512 字节 / 512 字节
I/O 大小(最小/最佳)：512 字节 / 512 字节
磁盘标签类型：dos
磁盘标识符：0xc2706475

   设备 Boot      Start         End      Blocks   Id  System
/dev/sdb1            2048    41943039    20970496   83  Linux

[root@covey ~]# # 对该分区格式化，使用 ext4 文件系统
[root@covey ~]# mkfs.ext4 /dev/sdb1
mke2fs 1.42.9 (28-Dec-2013)
文件系统标签=
OS type: Linux
块大小=4096 (log=2)
分块大小=4096 (log=2)
Stride=0 blocks, Stripe width=0 blocks
1310720 inodes, 5242624 blocks
262131 blocks (5.00%) reserved for the super user
第一个数据块=0
Maximum filesystem blocks=2153775104
160 block groups
32768 blocks per group, 32768 fragments per group
8192 inodes per group
Superblock backups stored on blocks: 
	32768, 98304, 163840, 229376, 294912, 819200, 884736, 1605632, 2654208, 
	4096000

Allocating group tables: 完成                            
正在写入inode表: 完成                            
Creating journal (32768 blocks): 完成
Writing superblocks and filesystem accounting information: 完成   

[root@covey ~]# # 临时挂载
[root@covey ~]# mkdir /mnt/sdb1
[root@covey ~]# mount -t auto /dev/sdb1 /mnt/sdb1/
[root@covey ~]# 
[root@covey ~]# mount
...
...
/dev/sdb1 on /mnt/sdb1 type ext4 (rw,relatime,seclabel,data=ordered)
[root@covey ~]# 
[root@covey ~]# 
[root@covey ~]# vim /etc/fstab 

#
# /etc/fstab
# Created by anaconda on Wed Sep 16 06:54:49 2020
#
# Accessible filesystems, by reference, are maintained under '/dev/disk'
# See man pages fstab(5), findfs(8), mount(8) and/or blkid(8) for more info
#
/dev/mapper/centos-root /                       xfs     defaults        0 0
UUID=2a1e6116-6b67-477a-ade6-34af9e0c0ad7 /boot                   xfs     defaults        0 0
/dev/mapper/centos-swap swap                    swap    defaults        0 0

# 磁盘分区 挂载点 文件系统  挂载点权限（defaults:可读可写） （剩下两个参数不知道）
/dev/sdb1 /mnt/sdb1 ext4 defaults 0 0
```





#### 2.1.3. 磁盘配额（<u>待补充</u>）



- 限制某些用户、用户组在某个目录下创建的文件数量、大小





### 2.2. swap 的查看和创建（<u>待补充</u>）

- [ ] ~~待补充~~





### 2.3. RAID（<u>待补充</u>）

- [ ] ~~待补充~~





### 2.4. LVM 的用途和创建（<u>待补充</u>）

- [ ] ~~待补充~~





### 2.5. 磁盘命令（<u>待补充</u>）

- 命令
  - fdisk
    - 磁盘分区工具
  - df（<u>待补充，不是很懂</u>）
    - 查看挂载。
  - du（<u>待补充</u>）
    - 查看单个文件容量
  - dd



### 2.6. 空洞文件



- 用法
  - 虚拟化
- 什么是空洞文件
  - 文件从开始到结尾之间有很多空洞
- 创建空洞文件
  - `dd if=afile bs=4M count=10 of=bfile`
  - `dd if=afile bs=40M count=10 seek=20 of=bfile`
- 查看
  - `ls -lh`
    - 查看整个文件大小
  - `du -h`
    - 不包含空洞的部分



**示例**

```bash
[root@covey ~]# dd if=/dev/zero bs=4M count=10 of=a.txt
记录了10+0 的读入
记录了10+0 的写出
41943040字节(42 MB)已复制，0.0882207 秒，475 MB/秒
[root@covey ~]# 
[root@covey ~]# 
[root@covey ~]# ls -lh a.txt 
-rw-r--r--. 1 root root 40M 4月   6 10:55 a.txt
[root@covey ~]# du -h a.txt 
40M	a.txt
[root@covey ~]# dd if=/dev/zero bs=4M count=10 seek=10 of=b.txt
记录了10+0 的读入
记录了10+0 的写出
41943040字节(42 MB)已复制，0.0832604 秒，504 MB/秒
[root@covey ~]# ls -lh b.txt 
-rw-r--r--. 1 root root 80M 4月   6 10:57 b.txt
[root@covey ~]# du -h b.txt
40M	b.txt
```











## 3. 文件系统（<u>待补充</u>）



linux 常见的文件系统：

1. ext4
2. xfs
3. NTFS（有版权，需要安装额外软件）



### 3.1. ext4



- 基本结构

  - 超级块
  - 超级块副本
  - inode
  - datablock

- inode

  - 文件信息（文件名+其它信息（权限，创建时间、大小等）
    - 文件名，存在父目录的 inode 中
    - 其它信息，存在自己的 inode 中

- datablock

  - ext4 中，一个 datablock 大小 4k

  - 文件内容大小为 4k 的倍数

  - `du`，查看 datablock 大小

    ```bash
    [root@covey ~]# touch newfile 
    [root@covey ~]# echo a > newfile 
    [root@covey ~]# 
    [root@covey ~]# 
    [root@covey ~]# ls -l newfile 
    -rw-r--r-- 1 root root 2 Apr  6 12:18 newfile
    [root@covey ~]# du -h newfile 
    4.0K	newfile
    ```

    

#### 3.1.1. inode 和 datablock 操作（<u>待补充</u>）



- 学了这个知识你会明白：
  1. 有些文件操作会改变 inode，有些不会
  2. 为什么 `mv` 大的文件，有时候也很快？
  3. `rm` 删除某个文件后，为什么能恢复？







### 3.2. facl（<u>待补充</u>）



- facl
  - 文件权限控制列表
  - 独立于文件标准权限的另一个权限

- 作用
  
- 给不同的用户、组分配不同的权限
  
- 命令

  - `getfacl`
  - `setfacl`
    - `setfacl -m u:user1:r afile`
    - `setfacl -m u:user2:w afile`
    - `setfacl -m g:group1:r afile`
    - `setfacl -x u:user1:r afile`

  ```bash
  [root@covey ~]# touch afile
  [root@covey ~]# ls -l afile 
  -rw-r--r--. 1 root root 0 4月   6 12:31 afile
  [root@covey ~]# 
  [root@covey ~]# # setfacl
  [root@covey ~]# setfacl -m u:user1:r afile
  [root@covey ~]#
  [root@covey ~]# # 查看权限，多了一个 x
  [root@covey ~]# ls -l afile
  -rw-r--r--+ 1 root root 0 4月   6 12:31 afile
  [root@covey ~]#
  [root@covey ~]# # 新建user2
  [root@covey ~]# useradd user2
  [root@covey ~]# setfacl -m u:user2:x afile
  [root@covey ~]# 
  [root@covey ~]# getfacl afile
  # file: afile
  # owner: root
  # group: root
  user::rw-
  user:user1:r--
  user:user2:--x
  group::r--
  mask::r-x
  other::r--
  
  [root@covey ~]# 
  ```

  



## 4. 系统整体状态查看



- 两个命令
  - `sar`
  - `iftop`（查看网络流量，需要安装）
    - `yum install epel-release`
    - `yum install iftop`





使用实例

- cpu，`sar -u 1 10`
- 内存，`sar -r 1 10`
- io, `sar -b 1 10`
- 磁盘，`sar -d 1 10`
- 进程，`sar -q 1 10`
- 网络流量，`iftop -P `
  - 默认仅监听 `eth0` 网卡













